<html>
<body>
<pre>
<h1>µVision Build Log</h1>
<h2>Tool Versions:</h2>
IDE-Version: ¦ÌVision V5.26.2.0
Copyright (C) 2018 ARM Ltd and ARM Germany GmbH. All rights reserved.
License Information: hu he, huheinc, LIC=21E74-FUV7E-DYAV3-AZ0J2-R17VH-AMP85
 
Tool Versions:
Toolchain:       MDK-ARM Plus  Version: 5.26.2.0
Toolchain Path:  E:\keil\ARM\ARMCC\Bin
C Compiler:      Armcc.exe V5.06 update 6 (build 750)
Assembler:       Armasm.exe V5.06 update 6 (build 750)
Linker/Locator:  ArmLink.exe V5.06 update 6 (build 750)
Library Manager: ArmAr.exe V5.06 update 6 (build 750)
Hex Converter:   FromElf.exe V5.06 update 6 (build 750)
CPU DLL:         SARMCM3.DLL V5.26.2.0
Dialog DLL:      DCM.DLL V1.17.2.0
Target DLL:      STLink\ST-LINKIII-KEIL_SWO.dll V3.0.5.0
Dialog DLL:      TCM.DLL V1.36.1.0
 
<h2>Project:</h2>
E:\robomaster\dev\MacRM_Standard\Project\standard.uvprojx
Project File Date:  03/19/2019

<h2>Output:</h2>
*** Using Compiler 'V5.06 update 6 (build 750)', folder: 'E:\keil\ARM\ARMCC\Bin'
Build target 'standard'
compiling chassis_task.c...
..\User\hardware\RC\rc.h(8): warning:  #1295-D: Deprecated declaration PW_init - give arg types
  extern void PW_init();
..\user\APP\chassis_task\chassis_task.c(418): warning:  #1035-D: single-precision operand implicitly converted to double-precision
      return (uint16_t) ((motor->given_current)*((float)20)/16384.0 * 24);
..\user\APP\chassis_task\chassis_task.c: 2 warnings, 0 errors
linking...
Program Size: Code=49724 RO-data=2772 RW-data=568 ZI-data=135264  
FromELF: creating hex file...
".\Objects\infantry.axf" - 0 Error(s), 2 Warning(s).

<h2>Software Packages used:</h2>

Package Vendor: Keil
                http://www.keil.com/pack/Keil.STM32F4xx_DFP.2.12.0.pack
                Keil.STM32F4xx_DFP.2.12.0
                STMicroelectronics STM32F4 Series Device Support, Drivers and Examples

<h2>Collection of Component include folders:</h2>
  .\RTE\_standard
  E:\keil\ARM\PACK\Keil\STM32F4xx_DFP\2.12.0\Drivers\CMSIS\Device\ST\STM32F4xx\Include

<h2>Collection of Component Files used:</h2>
Build Time Elapsed:  00:00:04
</pre>
</body>
</html>
